
   WARN  Metadata found in doc-comment for method Tests\Feature\Auth\AuthenticationTest::field_validation_rules_on_registration(). Metadata in doc-comments is deprecated and will no longer be supported in PHPUnit 12. Update your test code to use attributes instead.

   WARN  Metadata found in doc-comment for method Tests\Feature\Auth\AuthenticationTest::cannot_register_with_existing_email(). Metadata in doc-comments is deprecated and will no longer be supported in PHPUnit 12. Update your test code to use attributes instead.

   WARN  Metadata found in doc-comment for method Tests\Feature\Auth\AuthenticationTest::cannot_register_with_short_password(). Metadata in doc-comments is deprecated and will no longer be supported in PHPUnit 12. Update your test code to use attributes instead.

   WARN  Metadata found in doc-comment for method Tests\Feature\Auth\AuthenticationTest::cannot_register_if_password_confirmation_does_not_match(). Metadata in doc-comments is deprecated and will no longer be supported in PHPUnit 12. Update your test code to use attributes instead.

   WARN  Metadata found in doc-comment for method Tests\Feature\Auth\AuthenticationTest::can_register_successfully_with_valid_data(). Metadata in doc-comments is deprecated and will no longer be supported in PHPUnit 12. Update your test code to use attributes instead.

   WARN  Metadata found in doc-comment for method Tests\Feature\Auth\AuthenticationTest::field_validation_rules_on_login(). Metadata in doc-comments is deprecated and will no longer be supported in PHPUnit 12. Update your test code to use attributes instead.

   WARN  Metadata found in doc-comment for method Tests\Feature\Auth\AuthenticationTest::cannot_login_with_invalid_credentials(). Metadata in doc-comments is deprecated and will no longer be supported in PHPUnit 12. Update your test code to use attributes instead.

   WARN  Metadata found in doc-comment for method Tests\Feature\Auth\AuthenticationTest::cannot_login_if_account_is_inactive(). Metadata in doc-comments is deprecated and will no longer be supported in PHPUnit 12. Update your test code to use attributes instead.

   WARN  Metadata found in doc-comment for method Tests\Feature\Auth\AuthenticationTest::can_login_successfully_with_active_account(). Metadata in doc-comments is deprecated and will no longer be supported in PHPUnit 12. Update your test code to use attributes instead.

   WARN  Metadata found in doc-comment for method Tests\Feature\Auth\AuthenticationTest::unauthenticated_user_cannot_access_profile(). Metadata in doc-comments is deprecated and will no longer be supported in PHPUnit 12. Update your test code to use attributes instead.

   WARN  Metadata found in doc-comment for method Tests\Feature\Auth\AuthenticationTest::authenticated_user_can_access_their_profile(). Metadata in doc-comments is deprecated and will no longer be supported in PHPUnit 12. Update your test code to use attributes instead.

   WARN  Metadata found in doc-comment for method Tests\Feature\Auth\AuthenticationTest::unauthenticated_user_cannot_logout(). Metadata in doc-comments is deprecated and will no longer be supported in PHPUnit 12. Update your test code to use attributes instead.

   WARN  Metadata found in doc-comment for method Tests\Feature\Auth\AuthenticationTest::authenticated_user_can_logout_and_invalidates_token(). Metadata in doc-comments is deprecated and will no longer be supported in PHPUnit 12. Update your test code to use attributes instead.

   FAIL  Tests\Feature\Auth\AuthenticationTest
  Γ¿» field validation rules on registration    0.20s  
  Γ£ô cannot register with existing email       0.03s  
  Γ£ô cannot register with short password       0.01s  
  Γ£ô cannot register if password confirmationΓÇª 0.01s  
  Γ¿» can register successfully with valid datΓÇª 0.02s  
  Γ£ô field validation rules on login           0.01s  
  Γ¿» cannot login with invalid credentials     0.01s  
  Γ¿» cannot login if account is inactive       0.01s  
  Γ¿» can login successfully with active accouΓÇª 0.01s  
  Γ£ô unauthenticated user cannot access profiΓÇª 0.01s  
  Γ¿» authenticated user can access their profΓÇª 0.01s  
  Γ£ô unauthenticated user cannot logout        0.01s  
  Γ£ô authenticated user can logout and invaliΓÇª 0.02s  
  ΓöÇΓöÇΓöÇΓöÇΓöÇΓöÇΓöÇΓöÇΓöÇΓöÇΓöÇΓöÇΓöÇΓöÇΓöÇΓöÇΓöÇΓöÇΓöÇΓöÇΓöÇΓöÇΓöÇΓöÇΓöÇΓöÇΓöÇΓöÇΓöÇΓöÇΓöÇΓöÇΓöÇΓöÇΓöÇΓöÇΓöÇΓöÇΓöÇΓöÇΓöÇΓöÇΓöÇΓöÇΓöÇΓöÇΓöÇΓöÇΓöÇ  
   FAILED  Tests\Feature\Auth\AuthenticationTestΓÇª    
  Failed to find a validation error in the response for key: 'phone'

Response has the following JSON validation errors:

{
    "name": [
        "The name field is required."
    ],
    "email": [
        "The email field is required."
    ],
    "password": [
        "The password field is required."
    ]
}

Failed asserting that an array has the key 'phone'.

The following errors occurred during the last request:

{
    "meta": {
        "success": false,
        "message": "Validation failed"
    },
    "errors": {
        "name": [
            "The name field is required."
        ],
        "email": [
            "The email field is required."
        ],
        "password": [
            "The password field is required."
        ]
    }
}

  at tests\Feature\Auth\AuthenticationTest.php:32
     28Γûò     {
     29Γûò         $response = $this->postJson('/api/v1/auth/register', []);
     30Γûò 
     31Γûò         $response->assertStatus(422)
  Γ₧£  32Γûò             ->assertJsonValidationErrors(['name', 'email', 'password', 'phone']);
     33Γûò     }
     34Γûò 
     35Γûò     /**
     36Γûò      * @test

  ΓöÇΓöÇΓöÇΓöÇΓöÇΓöÇΓöÇΓöÇΓöÇΓöÇΓöÇΓöÇΓöÇΓöÇΓöÇΓöÇΓöÇΓöÇΓöÇΓöÇΓöÇΓöÇΓöÇΓöÇΓöÇΓöÇΓöÇΓöÇΓöÇΓöÇΓöÇΓöÇΓöÇΓöÇΓöÇΓöÇΓöÇΓöÇΓöÇΓöÇΓöÇΓöÇΓöÇΓöÇΓöÇΓöÇΓöÇΓöÇΓöÇ  
   FAILED  Tests\Feature\Auth\AuthenticationTestΓÇª    
  Expected response status code [201] but received 500.
Failed asserting that 500 is identical to 201.

The following exception occurred during the last request:

Spatie\Permission\Exceptions\RoleDoesNotExist: There is no role named `user` for guard `sanctum`. in C:\ssd\NANDO\Project\boilylaravel\vendor\spatie\laravel-permission\src\Exceptions\RoleDoesNotExist.php:11
Stack trace:
#0 C:\ssd\NANDO\Project\boilylaravel\vendor\spatie\laravel-permission\src\Models\Role.php(111): Spatie\Permission\Exceptions\RoleDoesNotExist::named('user', 'sanctum')
#1 C:\ssd\NANDO\Project\boilylaravel\vendor\spatie\laravel-permission\src\Traits\HasRoles.php(419): Spatie\Permission\Models\Role::findByName('user', 'sanctum')
#2 C:\ssd\NANDO\Project\boilylaravel\vendor\spatie\laravel-permission\src\Traits\HasRoles.php(131): App\Models\User->getStoredRole('user')
#3 C:\ssd\NANDO\Project\boilylaravel\vendor\laravel\framework\src\Illuminate\Collections\Traits\EnumeratesValues.php(850): App\Models\User->Spatie\Permission\Traits\{closure}(Array, 'user', 0)
#4 C:\ssd\NANDO\Project\boilylaravel\vendor\spatie\laravel-permission\src\Traits\HasRoles.php(126): Illuminate\Support\Collection->reduce(Object(Closure), Array)
#5 C:\ssd\NANDO\Project\boilylaravel\vendor\spatie\laravel-permission\src\Traits\HasRoles.php(150): App\Models\User->collectRoles(Array)
#6 C:\ssd\NANDO\Project\boilylaravel\app\Services\AuthService.php(31): App\Models\User->assignRole('user')
#7 C:\ssd\NANDO\Project\boilylaravel\vendor\laravel\framework\src\Illuminate\Database\Concerns\ManagesTransactions.php(35): App\Services\AuthService->App\Services\{closure}(Object(Illuminate\Database\SQLiteConnection))
#8 C:\ssd\NANDO\Project\boilylaravel\vendor\laravel\framework\src\Illuminate\Database\DatabaseManager.php(491): Illuminate\Database\Connection->transaction(Object(Closure))
#9 C:\ssd\NANDO\Project\boilylaravel\vendor\laravel\framework\src\Illuminate\Support\Facades\Facade.php(363): Illuminate\Database\DatabaseManager->__call('transaction', Array)
#10 C:\ssd\NANDO\Project\boilylaravel\app\Services\BaseService.php(26): Illuminate\Support\Facades\Facade::__callStatic('transaction', Array)
#11 C:\ssd\NANDO\Project\boilylaravel\app\Services\AuthService.php(22): App\Services\BaseService->transaction(Object(Closure))
#12 C:\ssd\NANDO\Project\boilylaravel\app\Http\Controllers\Api\V1\AuthController.php(18): App\Services\AuthService->register(Array)
#13 C:\ssd\NANDO\Project\boilylaravel\vendor\laravel\framework\src\Illuminate\Routing\Controller.php(54): App\Http\Controllers\Api\V1\AuthController->register(Object(App\Http\Requests\Auth\RegisterRequest))
#14 C:\ssd\NANDO\Project\boilylaravel\vendor\laravel\framework\src\Illuminate\Routing\ControllerDispatcher.php(43): Illuminate\Routing\Controller->callAction('register', Array)
#15 C:\ssd\NANDO\Project\boilylaravel\vendor\laravel\framework\src\Illuminate\Routing\Route.php(265): Illuminate\Routing\ControllerDispatcher->dispatch(Object(Illuminate\Routing\Route), Object(App\Http\Controllers\Api\V1\AuthController), 'register')
#16 C:\ssd\NANDO\Project\boilylaravel\vendor\laravel\framework\src\Illuminate\Routing\Route.php(211): Illuminate\Routing\Route->runController()
#17 C:\ssd\NANDO\Project\boilylaravel\vendor\laravel\framework\src\Illuminate\Routing\Router.php(822): Illuminate\Routing\Route->run()
#18 C:\ssd\NANDO\Project\boilylaravel\vendor\laravel\framework\src\Illuminate\Pipeline\Pipeline.php(180): Illuminate\Routing\Router->Illuminate\Routing\{closure}(Object(Illuminate\Http\Request))
#19 C:\ssd\NANDO\Project\boilylaravel\vendor\laravel\framework\src\Illuminate\Routing\Middleware\SubstituteBindings.php(50): Illuminate\Pipeline\Pipeline->Illuminate\Pipeline\{closure}(Object(Illuminate\Http\Request))
#20 C:\ssd\NANDO\Project\boilylaravel\vendor\laravel\framework\src\Illuminate\Pipeline\Pipeline.php(219): Illuminate\Routing\Middleware\SubstituteBindings->handle(Object(Illuminate\Http\Request), Object(Closure))
#21 C:\ssd\NANDO\Project\boilylaravel\vendor\laravel\framework\src\Illuminate\Routing\Middleware\ThrottleRequests.php(166): Illuminate\Pipeline\Pipeline->Illuminate\Pipeline\{closure}(Object(Illuminate\Http\Request))
#22 C:\ssd\NANDO\Project\boilylaravel\vendor\laravel\framework\src\Illuminate\Routing\Middleware\ThrottleRequests.php(129): Illuminate\Routing\Middleware\ThrottleRequests->handleRequest(Object(Illuminate\Http\Request), Object(Closure), Array)
#23 C:\ssd\NANDO\Project\boilylaravel\vendor\laravel\framework\src\Illuminate\Routing\Middleware\ThrottleRequests.php(90): Illuminate\Routing\Middleware\ThrottleRequests->handleRequestUsingNamedLimiter(Object(Illuminate\Http\Request), Object(Closure), 'auth', Object(Closure))
#24 C:\ssd\NANDO\Project\boilylaravel\vendor\laravel\framework\src\Illuminate\Pipeline\Pipeline.php(219): Illuminate\Routing\Middleware\ThrottleRequests->handle(Object(Illuminate\Http\Request), Object(Closure), 'auth')
#25 C:\ssd\NANDO\Project\boilylaravel\vendor\laravel\framework\src\Illuminate\Pipeline\Pipeline.php(137): Illuminate\Pipeline\Pipeline->Illuminate\Pipeline\{closure}(Object(Illuminate\Http\Request))
#26 C:\ssd\NANDO\Project\boilylaravel\vendor\laravel\framework\src\Illuminate\Routing\Router.php(821): Illuminate\Pipeline\Pipeline->then(Object(Closure))
#27 C:\ssd\NANDO\Project\boilylaravel\vendor\laravel\framework\src\Illuminate\Routing\Router.php(800): Illuminate\Routing\Router->runRouteWithinStack(Object(Illuminate\Routing\Route), Object(Illuminate\Http\Request))
#28 C:\ssd\NANDO\Project\boilylaravel\vendor\laravel\framework\src\Illuminate\Routing\Router.php(764): Illuminate\Routing\Router->runRoute(Object(Illuminate\Http\Request), Object(Illuminate\Routing\Route))
#29 C:\ssd\NANDO\Project\boilylaravel\vendor\laravel\framework\src\Illuminate\Routing\Router.php(753): Illuminate\Routing\Router->dispatchToRoute(Object(Illuminate\Http\Request))
#30 C:\ssd\NANDO\Project\boilylaravel\vendor\laravel\framework\src\Illuminate\Foundation\Http\Kernel.php(200): Illuminate\Routing\Router->dispatch(Object(Illuminate\Http\Request))
#31 C:\ssd\NANDO\Project\boilylaravel\vendor\laravel\framework\src\Illuminate\Pipeline\Pipeline.php(180): Illuminate\Foundation\Http\Kernel->Illuminate\Foundation\Http\{closure}(Object(Illuminate\Http\Request))
#32 C:\ssd\NANDO\Project\boilylaravel\app\Http\Middleware\SanitizeInput.php(26): Illuminate\Pipeline\Pipeline->Illuminate\Pipeline\{closure}(Object(Illuminate\Http\Request))
#33 C:\ssd\NANDO\Project\boilylaravel\vendor\laravel\framework\src\Illuminate\Pipeline\Pipeline.php(219): App\Http\Middleware\SanitizeInput->handle(Object(Illuminate\Http\Request), Object(Closure))
#34 C:\ssd\NANDO\Project\boilylaravel\app\Http\Middleware\SecurityHeaders.php(26): Illuminate\Pipeline\Pipeline->Illuminate\Pipeline\{closure}(Object(Illuminate\Http\Request))
#35 C:\ssd\NANDO\Project\boilylaravel\vendor\laravel\framework\src\Illuminate\Pipeline\Pipeline.php(219): App\Http\Middleware\SecurityHeaders->handle(Object(Illuminate\Http\Request), Object(Closure))
#36 C:\ssd\NANDO\Project\boilylaravel\vendor\laravel\framework\src\Illuminate\Foundation\Http\Middleware\TransformsRequest.php(21): Illuminate\Pipeline\Pipeline->Illuminate\Pipeline\{closure}(Object(Illuminate\Http\Request))
#37 C:\ssd\NANDO\Project\boilylaravel\vendor\laravel\framework\src\Illuminate\Foundation\Http\Middleware\ConvertEmptyStringsToNull.php(31): Illuminate\Foundation\Http\Middleware\TransformsRequest->handle(Object(Illuminate\Http\Request), Object(Closure))
#38 C:\ssd\NANDO\Project\boilylaravel\vendor\laravel\framework\src\Illuminate\Pipeline\Pipeline.php(219): Illuminate\Foundation\Http\Middleware\ConvertEmptyStringsToNull->handle(Object(Illuminate\Http\Request), Object(Closure))
#39 C:\ssd\NANDO\Project\boilylaravel\vendor\laravel\framework\src\Illuminate\Foundation\Http\Middleware\TransformsRequest.php(21): Illuminate\Pipeline\Pipeline->Illuminate\Pipeline\{closure}(Object(Illuminate\Http\Request))
#40 C:\ssd\NANDO\Project\boilylaravel\vendor\laravel\framework\src\Illuminate\Foundation\Http\Middleware\TrimStrings.php(51): Illuminate\Foundation\Http\Middleware\TransformsRequest->handle(Object(Illuminate\Http\Request), Object(Closure))
#41 C:\ssd\NANDO\Project\boilylaravel\vendor\laravel\framework\src\Illuminate\Pipeline\Pipeline.php(219): Illuminate\Foundation\Http\Middleware\TrimStrings->handle(Object(Illuminate\Http\Request), Object(Closure))
#42 C:\ssd\NANDO\Project\boilylaravel\vendor\laravel\framework\src\Illuminate\Http\Middleware\ValidatePostSize.php(27): Illuminate\Pipeline\Pipeline->Illuminate\Pipeline\{closure}(Object(Illuminate\Http\Request))
#43 C:\ssd\NANDO\Project\boilylaravel\vendor\laravel\framework\src\Illuminate\Pipeline\Pipeline.php(219): Illuminate\Http\Middleware\ValidatePostSize->handle(Object(Illuminate\Http\Request), Object(Closure))
#44 C:\ssd\NANDO\Project\boilylaravel\vendor\laravel\framework\src\Illuminate\Foundation\Http\Middleware\PreventRequestsDuringMaintenance.php(109): Illuminate\Pipeline\Pipeline->Illuminate\Pipeline\{closure}(Object(Illuminate\Http\Request))
#45 C:\ssd\NANDO\Project\boilylaravel\vendor\laravel\framework\src\Illuminate\Pipeline\Pipeline.php(219): Illuminate\Foundation\Http\Middleware\PreventRequestsDuringMaintenance->handle(Object(Illuminate\Http\Request), Object(Closure))
#46 C:\ssd\NANDO\Project\boilylaravel\vendor\laravel\framework\src\Illuminate\Http\Middleware\HandleCors.php(74): Illuminate\Pipeline\Pipeline->Illuminate\Pipeline\{closure}(Object(Illuminate\Http\Request))
#47 C:\ssd\NANDO\Project\boilylaravel\vendor\laravel\framework\src\Illuminate\Pipeline\Pipeline.php(219): Illuminate\Http\Middleware\HandleCors->handle(Object(Illuminate\Http\Request), Object(Closure))
#48 C:\ssd\NANDO\Project\boilylaravel\vendor\laravel\framework\src\Illuminate\Http\Middleware\TrustProxies.php(58): Illuminate\Pipeline\Pipeline->Illuminate\Pipeline\{closure}(Object(Illuminate\Http\Request))
#49 C:\ssd\NANDO\Project\boilylaravel\vendor\laravel\framework\src\Illuminate\Pipeline\Pipeline.php(219): Illuminate\Http\Middleware\TrustProxies->handle(Object(Illuminate\Http\Request), Object(Closure))
#50 C:\ssd\NANDO\Project\boilylaravel\vendor\laravel\framework\src\Illuminate\Foundation\Http\Middleware\InvokeDeferredCallbacks.php(22): Illuminate\Pipeline\Pipeline->Illuminate\Pipeline\{closure}(Object(Illuminate\Http\Request))
#51 C:\ssd\NANDO\Project\boilylaravel\vendor\laravel\framework\src\Illuminate\Pipeline\Pipeline.php(219): Illuminate\Foundation\Http\Middleware\InvokeDeferredCallbacks->handle(Object(Illuminate\Http\Request), Object(Closure))
#52 C:\ssd\NANDO\Project\boilylaravel\vendor\laravel\framework\src\Illuminate\Http\Middleware\ValidatePathEncoding.php(26): Illuminate\Pipeline\Pipeline->Illuminate\Pipeline\{closure}(Object(Illuminate\Http\Request))
#53 C:\ssd\NANDO\Project\boilylaravel\vendor\laravel\framework\src\Illuminate\Pipeline\Pipeline.php(219): Illuminate\Http\Middleware\ValidatePathEncoding->handle(Object(Illuminate\Http\Request), Object(Closure))
#54 C:\ssd\NANDO\Project\boilylaravel\app\Http\Middleware\ForceJsonResponse.php(20): Illuminate\Pipeline\Pipeline->Illuminate\Pipeline\{closure}(Object(Illuminate\Http\Request))
#55 C:\ssd\NANDO\Project\boilylaravel\vendor\laravel\framework\src\Illuminate\Pipeline\Pipeline.php(219): App\Http\Middleware\ForceJsonResponse->handle(Object(Illuminate\Http\Request), Object(Closure))
#56 C:\ssd\NANDO\Project\boilylaravel\vendor\laravel\framework\src\Illuminate\Pipeline\Pipeline.php(137): Illuminate\Pipeline\Pipeline->Illuminate\Pipeline\{closure}(Object(Illuminate\Http\Request))
#57 C:\ssd\NANDO\Project\boilylaravel\vendor\laravel\framework\src\Illuminate\Foundation\Http\Kernel.php(175): Illuminate\Pipeline\Pipeline->then(Object(Closure))
#58 C:\ssd\NANDO\Project\boilylaravel\vendor\laravel\framework\src\Illuminate\Foundation\Http\Kernel.php(144): Illuminate\Foundation\Http\Kernel->sendRequestThroughRouter(Object(Illuminate\Http\Request))
#59 C:\ssd\NANDO\Project\boilylaravel\vendor\laravel\framework\src\Illuminate\Foundation\Testing\Concerns\MakesHttpRequests.php(607): Illuminate\Foundation\Http\Kernel->handle(Object(Illuminate\Http\Request))
#60 C:\ssd\NANDO\Project\boilylaravel\vendor\laravel\framework\src\Illuminate\Foundation\Testing\Concerns\MakesHttpRequests.php(573): Illuminate\Foundation\Testing\TestCase->call('POST', '/api/v1/auth/re...', Array, Array, Array, Array, '{"name":"Valid ...')
#61 C:\ssd\NANDO\Project\boilylaravel\vendor\laravel\framework\src\Illuminate\Foundation\Testing\Concerns\MakesHttpRequests.php(411): Illuminate\Foundation\Testing\TestCase->json('POST', '/api/v1/auth/re...', Array, Array, 0)
#62 C:\ssd\NANDO\Project\boilylaravel\tests\Feature\Auth\AuthenticationTest.php(97): Illuminate\Foundation\Testing\TestCase->postJson('/api/v1/auth/re...', Array)
#63 C:\ssd\NANDO\Project\boilylaravel\vendor\phpunit\phpunit\src\Framework\TestCase.php(1667): Tests\Feature\Auth\AuthenticationTest->can_register_successfully_with_valid_data()
#64 C:\ssd\NANDO\Project\boilylaravel\vendor\phpunit\phpunit\src\Framework\TestCase.php(519): PHPUnit\Framework\TestCase->runTest()
#65 C:\ssd\NANDO\Project\boilylaravel\vendor\phpunit\phpunit\src\Framework\TestRunner\TestRunner.php(87): PHPUnit\Framework\TestCase->runBare()
#66 C:\ssd\NANDO\Project\boilylaravel\vendor\phpunit\phpunit\src\Framework\TestCase.php(365): PHPUnit\Framework\TestRunner->run(Object(Tests\Feature\Auth\AuthenticationTest))
#67 C:\ssd\NANDO\Project\boilylaravel\vendor\phpunit\phpunit\src\Framework\TestSuite.php(369): PHPUnit\Framework\TestCase->run()
#68 C:\ssd\NANDO\Project\boilylaravel\vendor\phpunit\phpunit\src\TextUI\TestRunner.php(64): PHPUnit\Framework\TestSuite->run()
#69 C:\ssd\NANDO\Project\boilylaravel\vendor\phpunit\phpunit\src\TextUI\Application.php(211): PHPUnit\TextUI\TestRunner->run(Object(PHPUnit\TextUI\Configuration\Configuration), Object(PHPUnit\Runner\ResultCache\DefaultResultCache), Object(PHPUnit\Framework\TestSuite))
#70 C:\ssd\NANDO\Project\boilylaravel\vendor\pestphp\pest\src\Kernel.php(103): PHPUnit\TextUI\Application->run(Array)
#71 C:\ssd\NANDO\Project\boilylaravel\vendor\pestphp\pest\bin\pest(184): Pest\Kernel->handle(Array, Array)
#72 C:\ssd\NANDO\Project\boilylaravel\vendor\pestphp\pest\bin\pest(192): {closure}()
#73 {main}

----------------------------------------------------------------------------------

There is no role named `user` for guard `sanctum`.

  at tests\Feature\Auth\AuthenticationTest.php:105
    101Γûò             'password_confirmation' => 'securePassword123!',
    102Γûò             'phone' => '081234567890'
    103Γûò         ]);
    104Γûò 
  Γ₧£ 105Γûò         $response->assertStatus(201)
    106Γûò             ->assertJsonStructure([
    107Γûò                 'data' => [
    108Γûò                     'user' => ['id', 'name', 'email', 'roles'],
    109Γûò                     'token'

  ΓöÇΓöÇΓöÇΓöÇΓöÇΓöÇΓöÇΓöÇΓöÇΓöÇΓöÇΓöÇΓöÇΓöÇΓöÇΓöÇΓöÇΓöÇΓöÇΓöÇΓöÇΓöÇΓöÇΓöÇΓöÇΓöÇΓöÇΓöÇΓöÇΓöÇΓöÇΓöÇΓöÇΓöÇΓöÇΓöÇΓöÇΓöÇΓöÇΓöÇΓöÇΓöÇΓöÇΓöÇΓöÇΓöÇΓöÇΓöÇΓöÇ  
   FAILED  Tests\Feature\Auth\AuthenticationTestΓÇª    
  Expected response status code [401] but received 422.
Failed asserting that 422 is identical to 401.

The following errors occurred during the last request:

{
    "meta": {
        "success": false,
        "message": "Validation failed"
    },
    "errors": {
        "email": [
            "The provided credentials are incorrect."
        ]
    }
}

  at tests\Feature\Auth\AuthenticationTest.php:149
    145Γûò             'email' => 'test@example.com',
    146Γûò             'password' => 'wrongpassword'
    147Γûò         ]);
    148Γûò 
  Γ₧£ 149Γûò         $response->assertStatus(401)
    150Γûò             ->assertJsonFragment(['message' => 'Invalid credentials']);
    151Γûò     }
    152Γûò 
    153Γûò     /**

  ΓöÇΓöÇΓöÇΓöÇΓöÇΓöÇΓöÇΓöÇΓöÇΓöÇΓöÇΓöÇΓöÇΓöÇΓöÇΓöÇΓöÇΓöÇΓöÇΓöÇΓöÇΓöÇΓöÇΓöÇΓöÇΓöÇΓöÇΓöÇΓöÇΓöÇΓöÇΓöÇΓöÇΓöÇΓöÇΓöÇΓöÇΓöÇΓöÇΓöÇΓöÇΓöÇΓöÇΓöÇΓöÇΓöÇΓöÇΓöÇΓöÇ  
   FAILED  Tests\Feature\Auth\AuthenticationTestΓÇª    
  Expected response status code [403] but received 422.
Failed asserting that 422 is identical to 403.

The following errors occurred during the last request:

{
    "meta": {
        "success": false,
        "message": "Validation failed"
    },
    "errors": {
        "email": [
            "This account has been disabled."
        ]
    }
}

  at tests\Feature\Auth\AuthenticationTest.php:170
    166Γûò             'email' => 'inactive@example.com',
    167Γûò             'password' => 'password123'
    168Γûò         ]);
    169Γûò 
  Γ₧£ 170Γûò         $response->assertStatus(403)
    171Γûò             ->assertJsonFragment(['message' => 'Account is inactive']);
    172Γûò     }
    173Γûò 
    174Γûò     /**

  ΓöÇΓöÇΓöÇΓöÇΓöÇΓöÇΓöÇΓöÇΓöÇΓöÇΓöÇΓöÇΓöÇΓöÇΓöÇΓöÇΓöÇΓöÇΓöÇΓöÇΓöÇΓöÇΓöÇΓöÇΓöÇΓöÇΓöÇΓöÇΓöÇΓöÇΓöÇΓöÇΓöÇΓöÇΓöÇΓöÇΓöÇΓöÇΓöÇΓöÇΓöÇΓöÇΓöÇΓöÇΓöÇΓöÇΓöÇΓöÇΓöÇ  
   FAILED  Tests\Feature\Auth\AΓÇª  RoleDoesNotExist   
  There is no role named `super-admin` for guard `sanctum`.

  at vendor\spatie\laravel-permission\src\Exceptions\RoleDoesNotExist.php:11
      7Γûò class RoleDoesNotExist extends InvalidArgumentException
      8Γûò {
      9Γûò     public static function named(string $roleName, ?string $guardName)
     10Γûò     {
  Γ₧£  11Γûò         return new static(__('There is no role named `:role` for guard `:guard`.', [
     12Γûò             'role' => $roleName,
     13Γûò             'guard' => $guardName,
     14Γûò         ]));
     15Γûò     }

  1   vendor\spatie\laravel-permission\src\Exceptions\RoleDoesNotExist.php:11
  2   vendor\spatie\laravel-permission\src\Models\Role.php:111

  ΓöÇΓöÇΓöÇΓöÇΓöÇΓöÇΓöÇΓöÇΓöÇΓöÇΓöÇΓöÇΓöÇΓöÇΓöÇΓöÇΓöÇΓöÇΓöÇΓöÇΓöÇΓöÇΓöÇΓöÇΓöÇΓöÇΓöÇΓöÇΓöÇΓöÇΓöÇΓöÇΓöÇΓöÇΓöÇΓöÇΓöÇΓöÇΓöÇΓöÇΓöÇΓöÇΓöÇΓöÇΓöÇΓöÇΓöÇΓöÇΓöÇ  
   FAILED  Tests\Feature\Auth\AΓÇª  RoleDoesNotExist   
  There is no role named `user` for guard `sanctum`.

  at vendor\spatie\laravel-permission\src\Exceptions\RoleDoesNotExist.php:11
      7Γûò class RoleDoesNotExist extends InvalidArgumentException
      8Γûò {
      9Γûò     public static function named(string $roleName, ?string $guardName)
     10Γûò     {
  Γ₧£  11Γûò         return new static(__('There is no role named `:role` for guard `:guard`.', [
     12Γûò             'role' => $roleName,
     13Γûò             'guard' => $guardName,
     14Γûò         ]));
     15Γûò     }

  1   vendor\spatie\laravel-permission\src\Exceptions\RoleDoesNotExist.php:11
  2   vendor\spatie\laravel-permission\src\Models\Role.php:111


  Tests:    6 failed, 7 passed (27 assertions)
  Duration: 0.47s

